// Jest Snapshot v1, https://goo.gl/fbAQLP

exports[`Register renders Register 1`] = `
<div>
  <div class="van-nav-bar van-hairline--bottom" data-test="goBack">
    <div class="van-nav-bar__content">
      <div class="van-nav-bar__left"><i class="van-icon van-icon-arrow-left van-nav-bar__arrow">
          <!---->
        </i><span class="van-nav-bar__text">back</span></div>
      <div class="van-nav-bar__title van-ellipsis">Sign Up</div>
    </div>
  </div>
  <div class="register-panel">
    <div class="van-cell van-cell--required van-field">
      <div class="van-cell__title van-field__label"><span>User Name</span></div>
      <div class="van-cell__value van-field__value">
        <div class="van-field__body"><input type="text" data-test="username" placeholder="Please input user name" class="van-field__control"></div>
      </div>
    </div>
    <div class="van-cell van-cell--required van-field">
      <div class="van-cell__title van-field__label"><span>Password</span></div>
      <div class="van-cell__value van-field__value">
        <div class="van-field__body"><input type="password" data-test="password" placeholder="Please input password" class="van-field__control"></div>
      </div>
    </div>
    <div class="register-button"><button data-test="registerAction" class="van-button van-button--primary van-button--large">
        <div class="van-button__content"><span class="van-button__text">Register Now</span></div>
      </button></div>
  </div>
</div>
`;
