// Jest Snapshot v1, https://goo.gl/fbAQLP

exports[`GoodsInfoCompo should renders GoodsInfoCompo 1`] = `
<div class="goods-info">
  <div class="goods-image"><img width="90%" data-src="https://m.media-amazon.com/images/I/81uKjZIuWsL._AC_SL1500_.jpg" src="data:image/gif;base64,R0lGODlhAQABAIAAAAAAAP///yH5BAEAAAAALAAAAAABAAEAAAIBRAA7" lazy="loading"></div>
  <div class="goods-name">Granini sin azúcar añadido zumo 100 % frutas</div>
  <div class="goods-price">3.90 €</div>
</div>
`;
